// Jest Snapshot v1, https://goo.gl/fbAQLP

exports[`should render error-boundary component 1`] = `ShallowWrapper {}`;
