// Jest Snapshot v1, https://goo.gl/fbAQLP

exports[`should render cart-item component 1`] = `ShallowWrapper {}`;
